// Jest Snapshot v1, https://goo.gl/fbAQLP

exports[` 1`] = `
<DocumentFragment>
  <section>
    <h1
      id="about"
    >
      About Me
    </h1>
    <img
      alt="cover"
      class="my-2"
      src="cover-image.png"
      style="width: 100%;"
    />
  </section>
</DocumentFragment>
`;
